2010.09.09 23:44 B C:\Documents and Settings\Gianni\Documenti\Web\Nave Audace D 551\Cartella Foto Nave Castore\Castore ( 02 ).jpg --> ftp.digiland.it /Nave Audace D 551/Cartella Foto Nave Castore Castore ( 02 ).jpg
2010.09.09 23:44 B C:\Documents and Settings\Gianni\Documenti\Web\Nave Audace D 551\Cartella Foto Nave Castore\Castore ( 04 ) d 573.jpg --> ftp.digiland.it /Nave Audace D 551/Cartella Foto Nave Castore Castore ( 04 ) d 573.jpg
2010.09.09 23:44 B C:\Documents and Settings\Gianni\Documenti\Web\Nave Audace D 551\Cartella Foto Nave Castore\Castore ( 05 ).jpg --> ftp.digiland.it /Nave Audace D 551/Cartella Foto Nave Castore Castore ( 05 ).jpg
2010.09.09 23:44 B C:\Documents and Settings\Gianni\Documenti\Web\Nave Audace D 551\Cartella Foto Nave Castore\Castore ( 08 ).jpg --> ftp.digiland.it /Nave Audace D 551/Cartella Foto Nave Castore Castore ( 08 ).jpg
2010.09.09 23:44 B C:\Documents and Settings\Gianni\Documenti\Web\Nave Audace D 551\Cartella Foto Nave Castore\Castore ( Affondamento ).jpg --> ftp.digiland.it /Nave Audace D 551/Cartella Foto Nave Castore Castore ( Affondamento ).jpg
2010.09.09 23:44 B C:\Documents and Settings\Gianni\Documenti\Web\Nave Audace D 551\Cartella Foto Nave Castore\Castore ( Disarmo ).jpg --> ftp.digiland.it /Nave Audace D 551/Cartella Foto Nave Castore Castore ( Disarmo ).jpg
2010.09.09 23:44 B C:\Documents and Settings\Gianni\Documenti\Web\Nave Audace D 551\Cartella Foto Nave Castore\Castore ( Disarmo 02 ).jpg --> ftp.digiland.it /Nave Audace D 551/Cartella Foto Nave Castore Castore ( Disarmo 02 ).jpg
2010.09.09 23:44 B C:\Documents and Settings\Gianni\Documenti\Web\Nave Audace D 551\Cartella Foto Nave Castore\Castore ( Elicottero 01 ).jpg --> ftp.digiland.it /Nave Audace D 551/Cartella Foto Nave Castore Castore ( Elicottero 01 ).jpg
2010.09.09 23:44 B C:\Documents and Settings\Gianni\Documenti\Web\Nave Audace D 551\Cartella Foto Nave Castore\Castore ( Mare 02 ) 1968.jpg --> ftp.digiland.it /Nave Audace D 551/Cartella Foto Nave Castore Castore ( Mare 02 ) 1968.jpg
2010.09.09 23:44 B C:\Documents and Settings\Gianni\Documenti\Web\Nave Audace D 551\Cartella Foto Nave Castore\Castore ( Mare 04 ).jpg --> ftp.digiland.it /Nave Audace D 551/Cartella Foto Nave Castore Castore ( Mare 04 ).jpg
2010.09.09 23:44 B C:\Documents and Settings\Gianni\Documenti\Web\Nave Audace D 551\Cartella Foto Nave Castore\Castore ( Mare 10 ).jpg --> ftp.digiland.it /Nave Audace D 551/Cartella Foto Nave Castore Castore ( Mare 10 ).jpg
2010.09.09 23:44 B C:\Documents and Settings\Gianni\Documenti\Web\Nave Audace D 551\Cartella Foto Nave Castore\Castore ( Medaglia 02  ).jpg --> ftp.digiland.it /Nave Audace D 551/Cartella Foto Nave Castore Castore ( Medaglia 02  ).jpg
2010.09.09 23:44 B C:\Documents and Settings\Gianni\Documenti\Web\Nave Audace D 551\Cartella Foto Nave Castore\Castore ( Tramonto ).jpg --> ftp.digiland.it /Nave Audace D 551/Cartella Foto Nave Castore Castore ( Tramonto ).jpg
2010.09.09 23:44 B C:\Documents and Settings\Gianni\Documenti\Web\Nave Audace D 551\Cartella Foto Nave Castore\Castore (Crest ).jpg --> ftp.digiland.it /Nave Audace D 551/Cartella Foto Nave Castore Castore (Crest ).jpg
2011.04.02 11:03 B C:\Documents and Settings\Gianni\Documenti\Nave Audace D 551\Cartella Foto Nave Castore\Castore ( 02 ).jpg --> ftp.digiland.it /Nave Audace D 551/Cartella Foto Nave Castore Castore ( 02 ).jpg
2011.04.02 11:03 B C:\Documents and Settings\Gianni\Documenti\Nave Audace D 551\Cartella Foto Nave Castore\Castore ( 04 ) d 573.jpg --> ftp.digiland.it /Nave Audace D 551/Cartella Foto Nave Castore Castore ( 04 ) d 573.jpg
2011.04.02 11:03 B C:\Documents and Settings\Gianni\Documenti\Nave Audace D 551\Cartella Foto Nave Castore\Castore ( 05 ).jpg --> ftp.digiland.it /Nave Audace D 551/Cartella Foto Nave Castore Castore ( 05 ).jpg
2011.04.02 11:03 B C:\Documents and Settings\Gianni\Documenti\Nave Audace D 551\Cartella Foto Nave Castore\Castore ( 08 ).jpg --> ftp.digiland.it /Nave Audace D 551/Cartella Foto Nave Castore Castore ( 08 ).jpg
2011.04.02 11:03 B C:\Documents and Settings\Gianni\Documenti\Nave Audace D 551\Cartella Foto Nave Castore\Castore ( Affondamento ).jpg --> ftp.digiland.it /Nave Audace D 551/Cartella Foto Nave Castore Castore ( Affondamento ).jpg
2011.04.02 11:03 B C:\Documents and Settings\Gianni\Documenti\Nave Audace D 551\Cartella Foto Nave Castore\Castore ( Disarmo ).jpg --> ftp.digiland.it /Nave Audace D 551/Cartella Foto Nave Castore Castore ( Disarmo ).jpg
2011.04.02 11:03 B C:\Documents and Settings\Gianni\Documenti\Nave Audace D 551\Cartella Foto Nave Castore\Castore ( Disarmo 02 ).jpg --> ftp.digiland.it /Nave Audace D 551/Cartella Foto Nave Castore Castore ( Disarmo 02 ).jpg
2011.04.02 11:03 B C:\Documents and Settings\Gianni\Documenti\Nave Audace D 551\Cartella Foto Nave Castore\Castore ( Elicottero 01 ).jpg --> ftp.digiland.it /Nave Audace D 551/Cartella Foto Nave Castore Castore ( Elicottero 01 ).jpg
2011.04.02 11:03 B C:\Documents and Settings\Gianni\Documenti\Nave Audace D 551\Cartella Foto Nave Castore\Castore ( Mare 02 ) 1968.jpg --> ftp.digiland.it /Nave Audace D 551/Cartella Foto Nave Castore Castore ( Mare 02 ) 1968.jpg
2011.04.02 11:03 B C:\Documents and Settings\Gianni\Documenti\Nave Audace D 551\Cartella Foto Nave Castore\Castore ( Mare 04 ).jpg --> ftp.digiland.it /Nave Audace D 551/Cartella Foto Nave Castore Castore ( Mare 04 ).jpg
2011.04.02 11:03 B C:\Documents and Settings\Gianni\Documenti\Nave Audace D 551\Cartella Foto Nave Castore\Castore ( Mare 10 ).jpg --> ftp.digiland.it /Nave Audace D 551/Cartella Foto Nave Castore Castore ( Mare 10 ).jpg
2011.04.02 11:03 B C:\Documents and Settings\Gianni\Documenti\Nave Audace D 551\Cartella Foto Nave Castore\Castore ( Medaglia 02  ).jpg --> ftp.digiland.it /Nave Audace D 551/Cartella Foto Nave Castore Castore ( Medaglia 02  ).jpg
2011.04.02 11:03 B C:\Documents and Settings\Gianni\Documenti\Nave Audace D 551\Cartella Foto Nave Castore\Castore ( Tramonto ).jpg --> ftp.digiland.it /Nave Audace D 551/Cartella Foto Nave Castore Castore ( Tramonto ).jpg
2011.04.02 11:03 B C:\Documents and Settings\Gianni\Documenti\Nave Audace D 551\Cartella Foto Nave Castore\Castore (Crest ).jpg --> ftp.digiland.it /Nave Audace D 551/Cartella Foto Nave Castore Castore (Crest ).jpg
2011.04.02 11:03 B C:\Documents and Settings\Gianni\Documenti\Nave Audace D 551\Cartella Foto Nave Castore\Castore.jpg --> ftp.digiland.it /Nave Audace D 551/Cartella Foto Nave Castore Castore.jpg
2011.04.02 11:03 B C:\Documents and Settings\Gianni\Documenti\Nave Audace D 551\Cartella Foto Nave Castore\Thumbs.db --> ftp.digiland.it /Nave Audace D 551/Cartella Foto Nave Castore Thumbs.db
